## (a) 정상 선회 (전타 30°·전속, R 고정 — TF 를 max_speed 별로 역산)
| profile | v_max | TF | yaw_full [°/s] | v_ss(선회중) | R [m] | D [m] | D [L] | 실측 폭 [m] |
|---|---|---|---|---|---|---|---|---|
| agile | 0.8 | 1.5000 | 45.00 | 0.8000 | 1.02 | 2.04 | 0.144 | 2.04 |
| agile | 1.0 | 1.5000 | 45.00 | 1.0000 | 1.27 | 2.55 | 0.180 | 2.55 |
| agile | 1.8 | 1.5000 | 45.00 | 1.8000 | 2.29 | 4.58 | 0.323 | 4.58 |
| imo TD3L RR3 | 0.8 | 0.0718 | 2.15 | 0.8000 | 21.27 | 42.55 | 3.000 | 42.55 |
| imo TD3L RR3 | 1.0 | 0.0898 | 2.69 | 1.0000 | 21.27 | 42.55 | 3.000 | 42.55 |
| imo TD3L RR3 | 1.8 | 0.1616 | 4.85 | 1.8000 | 21.27 | 42.55 | 3.000 | 42.55 |
| imo TD3L RR5 | 0.8 | 0.0718 | 2.15 | 0.8000 | 21.27 | 42.55 | 3.000 | 42.55 |
| imo TD3L RR5 | 1.0 | 0.0898 | 2.69 | 1.0000 | 21.27 | 42.55 | 3.000 | 42.55 |
| imo TD3L RR5 | 1.8 | 0.1616 | 4.85 | 1.8000 | 21.27 | 42.55 | 3.000 | 42.55 |
| imo TD3L RR12 | 0.8 | 0.0718 | 2.15 | 0.8000 | 21.27 | 42.55 | 3.000 | 42.55 |
| imo TD3L RR12 | 1.0 | 0.0898 | 2.69 | 1.0000 | 21.27 | 42.55 | 3.000 | 42.55 |
| imo TD3L RR12 | 1.8 | 0.1616 | 4.85 | 1.8000 | 21.27 | 42.55 | 3.000 | 42.55 |
| imo TD4L RR3 | 0.8 | 0.0539 | 1.62 | 0.8000 | 28.37 | 56.73 | 4.000 | 56.73 |
| imo TD4L RR3 | 1.0 | 0.0673 | 2.02 | 1.0000 | 28.37 | 56.73 | 4.000 | 56.73 |
| imo TD4L RR3 | 1.8 | 0.1212 | 3.64 | 1.8000 | 28.37 | 56.73 | 4.000 | 56.73 |
| imo TD4L RR5 | 0.8 | 0.0539 | 1.62 | 0.8000 | 28.37 | 56.73 | 4.000 | 56.73 |
| imo TD4L RR5 | 1.0 | 0.0673 | 2.02 | 1.0000 | 28.37 | 56.73 | 4.000 | 56.73 |
| imo TD4L RR5 | 1.8 | 0.1212 | 3.64 | 1.8000 | 28.37 | 56.73 | 4.000 | 56.73 |
| imo TD4L RR12 | 0.8 | 0.0539 | 1.62 | 0.8000 | 28.37 | 56.73 | 4.000 | 56.73 |
| imo TD4L RR12 | 1.0 | 0.0673 | 2.02 | 1.0000 | 28.37 | 56.73 | 4.000 | 56.73 |
| imo TD4L RR12 | 1.8 | 0.1212 | 3.64 | 1.8000 | 28.37 | 56.73 | 4.000 | 56.73 |
| imo TD5L RR3 | 0.8 | 0.0431 | 1.29 | 0.8000 | 35.46 | 70.92 | 5.000 | 70.92 |
| imo TD5L RR3 | 1.0 | 0.0539 | 1.62 | 1.0000 | 35.46 | 70.92 | 5.000 | 70.92 |
| imo TD5L RR3 | 1.8 | 0.0970 | 2.91 | 1.8000 | 35.46 | 70.92 | 5.000 | 70.92 |
| imo TD5L RR5 | 0.8 | 0.0431 | 1.29 | 0.8000 | 35.46 | 70.92 | 5.000 | 70.92 |
| imo TD5L RR5 | 1.0 | 0.0539 | 1.62 | 1.0000 | 35.46 | 70.92 | 5.000 | 70.92 |
| imo TD5L RR5 | 1.8 | 0.0970 | 2.91 | 1.8000 | 35.46 | 70.92 | 5.000 | 70.92 |
| imo TD5L RR12 | 0.8 | 0.0431 | 1.29 | 0.8000 | 35.46 | 70.92 | 5.000 | 70.92 |
| imo TD5L RR12 | 1.0 | 0.0539 | 1.62 | 1.0000 | 35.46 | 70.92 | 5.000 | 70.92 |
| imo TD5L RR12 | 1.8 | 0.0970 | 2.91 | 1.8000 | 35.46 | 70.92 | 5.000 | 70.92 |

## (b) advance / transfer / tactical diameter (전타 30°) — IMO: advance ≤ 4.5 L, TD ≤ 5 L
| profile | v_max | advance [m] | adv [L] | transfer [m] | trn [L] | TD [m] | TD [L] | t90 [s] | IMO |
|---|---|---|---|---|---|---|---|---|---|
| agile | 0.8 | 1.99 | 0.14 | 1.16 | 0.08 | 2.20 | 0.15 | 3.23 | PASS |
| agile | 1.0 | 2.48 | 0.18 | 1.45 | 0.10 | 2.74 | 0.19 | 3.23 | PASS |
| agile | 1.8 | 4.47 | 0.32 | 2.61 | 0.18 | 4.94 | 0.35 | 3.23 | PASS |
| imo TD3L RR3 | 0.8 | 25.27 | 1.78 | 21.38 | 1.51 | 42.67 | 3.01 | 46.75 | PASS |
| imo TD3L RR3 | 1.0 | 26.27 | 1.85 | 21.45 | 1.51 | 42.74 | 3.01 | 38.40 | PASS |
| imo TD3L RR3 | 1.8 | 30.22 | 2.13 | 21.87 | 1.54 | 43.18 | 3.04 | 23.55 | PASS |
| imo TD3L RR5 | 0.8 | 23.67 | 1.67 | 21.30 | 1.50 | 42.59 | 3.00 | 44.75 | PASS |
| imo TD3L RR5 | 1.0 | 24.27 | 1.71 | 21.33 | 1.50 | 42.62 | 3.00 | 36.40 | PASS |
| imo TD3L RR5 | 1.8 | 26.66 | 1.88 | 21.47 | 1.51 | 42.78 | 3.02 | 21.55 | PASS |
| imo TD3L RR12 | 0.8 | 22.27 | 1.57 | 21.27 | 1.50 | 42.56 | 3.00 | 43.00 | PASS |
| imo TD3L RR12 | 1.0 | 22.52 | 1.59 | 21.27 | 1.50 | 42.56 | 3.00 | 34.65 | PASS |
| imo TD3L RR12 | 1.8 | 23.52 | 1.66 | 21.28 | 1.50 | 42.59 | 3.00 | 19.80 | PASS |
| imo TD4L RR3 | 0.8 | 32.36 | 2.28 | 28.44 | 2.01 | 56.83 | 4.01 | 60.68 | PASS |
| imo TD4L RR3 | 1.0 | 33.36 | 2.35 | 28.49 | 2.01 | 56.88 | 4.01 | 49.54 | PASS |
| imo TD4L RR3 | 1.8 | 37.34 | 2.63 | 28.80 | 2.03 | 57.21 | 4.03 | 29.73 | PASS |
| imo TD4L RR5 | 0.8 | 30.77 | 2.17 | 28.38 | 2.00 | 56.77 | 4.00 | 58.68 | PASS |
| imo TD4L RR5 | 1.0 | 31.37 | 2.21 | 28.40 | 2.00 | 56.79 | 4.00 | 47.54 | PASS |
| imo TD4L RR5 | 1.8 | 33.76 | 2.38 | 28.50 | 2.01 | 56.90 | 4.01 | 27.73 | PASS |
| imo TD4L RR12 | 0.8 | 29.37 | 2.07 | 28.36 | 2.00 | 56.74 | 4.00 | 56.93 | PASS |
| imo TD4L RR12 | 1.0 | 29.62 | 2.09 | 28.36 | 2.00 | 56.74 | 4.00 | 45.79 | PASS |
| imo TD4L RR12 | 1.8 | 30.62 | 2.16 | 28.36 | 2.00 | 56.76 | 4.00 | 25.98 | PASS |
| imo TD5L RR3 | 0.8 | 39.46 | 2.78 | 35.52 | 2.50 | 70.99 | 5.01 | 74.60 | FAIL |
| imo TD5L RR3 | 1.0 | 40.45 | 2.85 | 35.56 | 2.51 | 71.03 | 5.01 | 60.68 | FAIL |
| imo TD5L RR3 | 1.8 | 44.44 | 3.13 | 35.80 | 2.52 | 71.30 | 5.03 | 35.92 | FAIL |
| imo TD5L RR5 | 0.8 | 37.86 | 2.67 | 35.47 | 2.50 | 70.94 | 5.00 | 72.60 | FAIL |
| imo TD5L RR5 | 1.0 | 38.46 | 2.71 | 35.48 | 2.50 | 70.96 | 5.00 | 58.68 | FAIL |
| imo TD5L RR5 | 1.8 | 40.85 | 2.88 | 35.56 | 2.51 | 71.05 | 5.01 | 33.92 | FAIL |
| imo TD5L RR12 | 0.8 | 36.46 | 2.57 | 35.45 | 2.50 | 70.92 | 5.00 | 70.85 | FAIL |
| imo TD5L RR12 | 1.0 | 36.71 | 2.59 | 35.45 | 2.50 | 70.92 | 5.00 | 56.93 | FAIL |
| imo TD5L RR12 | 1.8 | 37.71 | 2.66 | 35.45 | 2.50 | 70.94 | 5.00 | 32.17 | FAIL |

## (c) IMO 초기선회: 10° 타 → heading 10° 까지 track 거리 ≤ 2.5 L  /  (d) 전타 후 heading 30° 도달시간
| profile | v_max | init dist [m] | [L] | ≤2.5L | t30 [s] |
|---|---|---|---|---|---|
| agile | 0.8 | 0.86 | 0.061 | PASS | 1.81 |
| agile | 1.0 | 1.08 | 0.076 | PASS | 1.81 |
| agile | 1.8 | 1.94 | 0.137 | PASS | 1.81 |
| imo TD3L RR3 | 0.8 | 12.48 | 0.880 | PASS | 18.90 |
| imo TD3L RR3 | 1.0 | 12.80 | 0.902 | PASS | 16.12 |
| imo TD3L RR3 | 1.8 | 14.11 | 0.995 | PASS | 11.17 |
| imo TD3L RR5 | 0.8 | 11.94 | 0.842 | PASS | 16.90 |
| imo TD3L RR5 | 1.0 | 12.12 | 0.855 | PASS | 14.12 |
| imo TD3L RR5 | 1.8 | 12.96 | 0.914 | PASS | 9.17 |
| imo TD3L RR12 | 0.8 | 11.49 | 0.810 | PASS | 15.15 |
| imo TD3L RR12 | 1.0 | 11.56 | 0.815 | PASS | 12.37 |
| imo TD3L RR12 | 1.8 | 11.88 | 0.838 | PASS | 7.42 |
| imo TD4L RR3 | 0.8 | 16.19 | 1.142 | PASS | 23.55 |
| imo TD4L RR3 | 1.0 | 16.52 | 1.165 | PASS | 19.83 |
| imo TD4L RR3 | 1.8 | 17.86 | 1.259 | PASS | 13.23 |
| imo TD4L RR5 | 0.8 | 15.65 | 1.103 | PASS | 21.55 |
| imo TD4L RR5 | 1.0 | 15.84 | 1.117 | PASS | 17.83 |
| imo TD4L RR5 | 1.8 | 16.63 | 1.173 | PASS | 11.23 |
| imo TD4L RR12 | 0.8 | 15.20 | 1.072 | PASS | 19.80 |
| imo TD4L RR12 | 1.0 | 15.28 | 1.077 | PASS | 16.08 |
| imo TD4L RR12 | 1.8 | 15.62 | 1.102 | PASS | 9.48 |
| imo TD5L RR3 | 0.8 | 19.90 | 1.403 | PASS | 28.19 |
| imo TD5L RR3 | 1.0 | 20.24 | 1.427 | PASS | 23.55 |
| imo TD5L RR3 | 1.8 | 21.60 | 1.523 | PASS | 15.29 |
| imo TD5L RR5 | 0.8 | 19.36 | 1.365 | PASS | 26.19 |
| imo TD5L RR5 | 1.0 | 19.56 | 1.379 | PASS | 21.55 |
| imo TD5L RR5 | 1.8 | 20.38 | 1.437 | PASS | 13.29 |
| imo TD5L RR12 | 0.8 | 18.91 | 1.333 | PASS | 24.44 |
| imo TD5L RR12 | 1.0 | 19.00 | 1.340 | PASS | 19.80 |
| imo TD5L RR12 | 1.8 | 19.30 | 1.360 | PASS | 11.54 |

## (e) 전타 유지 시 횡변위 x(t) [m] (원 진행방향 수직) — 괄호: 90° 변침 후 타 복귀(evasive90) 변형
| profile | v_max | t=7 | t=14 | t=28 | t=56 | evasive90 최종 heading |
|---|---|---|---|---|---|---|
| agile | 0.8 | 1.38 (4.10) | 2.02 (9.54) | 1.74 (20.43) | 0.61 (42.19) | 103.7° |
| agile | 1.0 | 1.72 (5.13) | 2.53 (11.93) | 2.18 (25.53) | 0.76 (52.74) | 103.7° |
| agile | 1.8 | 3.09 (9.23) | 4.55 (21.48) | 3.92 (45.96) | 1.37 (94.93) | 103.7° |
| imo TD3L RR3 | 0.8 | 0.17 (0.17) | 1.33 (1.33) | 7.60 (7.60) | 28.63 (28.78) | 90.5° |
| imo TD3L RR3 | 1.0 | 0.27 (0.27) | 2.07 (2.07) | 11.46 (11.46) | 37.12 (39.04) | 90.5° |
| imo TD3L RR3 | 1.8 | 0.87 (0.87) | 6.51 (6.51) | 29.70 (29.84) | 30.14 (80.23) | 91.1° |
| imo TD3L RR5 | 0.8 | 0.29 (0.29) | 1.84 (1.84) | 8.77 (8.77) | 30.04 (30.30) | 90.5° |
| imo TD3L RR5 | 1.0 | 0.45 (0.45) | 2.85 (2.85) | 13.14 (13.14) | 38.28 (40.92) | 90.5° |
| imo TD3L RR5 | 1.8 | 1.43 (1.43) | 8.80 (8.80) | 32.52 (33.08) | 26.32 (83.47) | 91.1° |
| imo TD3L RR12 | 0.8 | 0.50 (0.50) | 2.41 (2.41) | 9.89 (9.89) | 31.26 (31.66) | 90.5° |
| imo TD3L RR12 | 1.0 | 0.78 (0.78) | 3.72 (3.72) | 14.73 (14.73) | 39.22 (42.62) | 90.5° |
| imo TD3L RR12 | 1.8 | 2.51 (2.51) | 11.26 (11.26) | 34.90 (36.04) | 23.02 (86.43) | 91.1° |
| imo TD4L RR3 | 0.8 | 0.13 (0.13) | 1.00 (1.00) | 5.86 (5.86) | 24.71 (24.71) | 90.5° |
| imo TD4L RR3 | 1.0 | 0.20 (0.20) | 1.56 (1.56) | 8.97 (8.97) | 34.90 (34.95) | 90.5° |
| imo TD4L RR3 | 1.8 | 0.65 (0.65) | 4.98 (4.98) | 25.69 (25.68) | 57.08 (76.05) | 90.2° |
| imo TD4L RR5 | 0.8 | 0.21 (0.21) | 1.39 (1.39) | 6.80 (6.80) | 26.24 (26.24) | 90.5° |
| imo TD4L RR5 | 1.0 | 0.33 (0.33) | 2.16 (2.16) | 10.37 (10.37) | 36.74 (36.86) | 90.5° |
| imo TD4L RR5 | 1.8 | 1.08 (1.08) | 6.81 (6.81) | 28.98 (28.97) | 56.21 (79.37) | 90.2° |
| imo TD4L RR12 | 0.8 | 0.38 (0.38) | 1.82 (1.82) | 7.70 (7.70) | 27.61 (27.61) | 90.5° |
| imo TD4L RR12 | 1.0 | 0.59 (0.59) | 2.83 (2.83) | 11.71 (11.71) | 38.35 (38.57) | 90.5° |
| imo TD4L RR12 | 1.8 | 1.90 (1.90) | 8.82 (8.82) | 31.98 (31.99) | 55.21 (82.39) | 90.2° |
| imo TD5L RR3 | 0.8 | 0.10 (0.10) | 0.80 (0.80) | 4.74 (4.74) | 21.07 (21.07) | 90.5° |
| imo TD5L RR3 | 1.0 | 0.16 (0.16) | 1.25 (1.25) | 7.32 (7.32) | 30.89 (30.89) | 90.5° |
| imo TD5L RR3 | 1.8 | 0.52 (0.52) | 4.02 (4.02) | 21.92 (21.92) | 66.02 (71.92) | 90.7° |
| imo TD5L RR5 | 0.8 | 0.17 (0.17) | 1.11 (1.11) | 5.52 (5.52) | 22.50 (22.50) | 90.5° |
| imo TD5L RR5 | 1.0 | 0.27 (0.27) | 1.73 (1.73) | 8.50 (8.50) | 32.81 (32.81) | 90.5° |
| imo TD5L RR5 | 1.8 | 0.87 (0.87) | 5.52 (5.52) | 25.06 (25.06) | 67.51 (75.29) | 90.7° |
| imo TD5L RR12 | 0.8 | 0.30 (0.30) | 1.46 (1.46) | 6.27 (6.27) | 23.79 (23.79) | 90.5° |
| imo TD5L RR12 | 1.0 | 0.47 (0.47) | 2.28 (2.28) | 9.63 (9.63) | 34.52 (34.52) | 90.5° |
| imo TD5L RR12 | 1.8 | 1.52 (1.52) | 7.20 (7.20) | 27.99 (27.99) | 68.64 (78.33) | 90.7° |

## (f) 경고시간 비 W/T — W = r_d/closing, T_lat12 = 횡 12 m(SAFE_PASSING), T_lat14 = 횡 14.18 m(1 L). 기동 = evasive90
closing: head-on 2v · crossing √2 v · overtaking 1.0 m/s(1.8 vs 0.8 고정)

### W/T_lat12
| profile | v_max | T_lat12 [s] | T_lat14 [s] | HO56 | HO84 | HO112 | HO168 | CR56 | CR84 | CR112 | CR168 | OT56 | OT84 | OT112 | OT168 |
|---|---|---|---|---|---|---|---|---|---|---|---|---|---|---|---|
| agile | 0.8 | 17.16 | 19.97 | 2.04 | 3.06 | 4.08 | 6.12 | 2.88 | 4.33 | 5.77 | 8.65 | 3.26 | 4.90 | 6.53 | 9.79 |
| agile | 1.0 | 14.07 | 16.32 | 1.99 | 2.98 | 3.98 | 5.97 | 2.81 | 4.22 | 5.63 | 8.44 | 3.98 | 5.97 | 7.96 | 11.94 |
| agile | 1.8 | 8.58 | 9.83 | 1.81 | 2.72 | 3.63 | 5.44 | 2.56 | 3.85 | 5.13 | 7.69 | 6.53 | 9.79 | 13.05 | 19.58 |
| imo TD3L RR3 | 0.8 | 34.60 | 37.57 | 1.01 | 1.52 | 2.02 | 3.03 | 1.43 | 2.15 | 2.86 | 4.29 | 1.62 | 2.43 | 3.24 | 4.86 |
| imo TD3L RR3 | 1.0 | 28.60 | 30.98 | 0.98 | 1.47 | 1.96 | 2.94 | 1.38 | 2.08 | 2.77 | 4.15 | 1.96 | 2.94 | 3.92 | 5.87 |
| imo TD3L RR3 | 1.8 | 17.84 | 19.18 | 0.87 | 1.31 | 1.74 | 2.62 | 1.23 | 1.85 | 2.47 | 3.70 | 3.14 | 4.71 | 6.28 | 9.42 |
| imo TD3L RR5 | 0.8 | 32.71 | 35.68 | 1.07 | 1.60 | 2.14 | 3.21 | 1.51 | 2.27 | 3.03 | 4.54 | 1.71 | 2.57 | 3.42 | 5.14 |
| imo TD3L RR5 | 1.0 | 26.74 | 29.11 | 1.05 | 1.57 | 2.09 | 3.14 | 1.48 | 2.22 | 2.96 | 4.44 | 2.09 | 3.14 | 4.19 | 6.28 |
| imo TD3L RR5 | 1.8 | 16.09 | 17.41 | 0.97 | 1.45 | 1.93 | 2.90 | 1.37 | 2.05 | 2.73 | 4.10 | 3.48 | 5.22 | 6.96 | 10.44 |
| imo TD3L RR12 | 0.8 | 31.02 | 33.98 | 1.13 | 1.69 | 2.26 | 3.39 | 1.60 | 2.39 | 3.19 | 4.79 | 1.81 | 2.71 | 3.61 | 5.42 |
| imo TD3L RR12 | 1.0 | 25.06 | 27.43 | 1.12 | 1.68 | 2.23 | 3.35 | 1.58 | 2.37 | 3.16 | 4.74 | 2.23 | 3.35 | 4.47 | 6.70 |
| imo TD3L RR12 | 1.8 | 14.46 | 15.78 | 1.08 | 1.61 | 2.15 | 3.23 | 1.52 | 2.28 | 3.04 | 4.56 | 3.87 | 5.81 | 7.75 | 11.62 |
| imo TD4L RR3 | 0.8 | 38.75 | 42.00 | 0.90 | 1.35 | 1.81 | 2.71 | 1.28 | 1.92 | 2.55 | 3.83 | 1.45 | 2.17 | 2.89 | 4.34 |
| imo TD4L RR3 | 1.0 | 31.93 | 34.54 | 0.88 | 1.32 | 1.75 | 2.63 | 1.24 | 1.86 | 2.48 | 3.72 | 1.75 | 2.63 | 3.51 | 5.26 |
| imo TD4L RR3 | 1.8 | 19.74 | 21.20 | 0.79 | 1.18 | 1.58 | 2.36 | 1.11 | 1.67 | 2.23 | 3.34 | 2.84 | 4.26 | 5.67 | 8.51 |
| imo TD4L RR5 | 0.8 | 36.84 | 40.08 | 0.95 | 1.43 | 1.90 | 2.85 | 1.34 | 2.02 | 2.69 | 4.03 | 1.52 | 2.28 | 3.04 | 4.56 |
| imo TD4L RR5 | 1.0 | 30.05 | 32.64 | 0.93 | 1.40 | 1.86 | 2.80 | 1.32 | 1.98 | 2.64 | 3.95 | 1.86 | 2.80 | 3.73 | 5.59 |
| imo TD4L RR5 | 1.8 | 17.95 | 19.39 | 0.87 | 1.30 | 1.73 | 2.60 | 1.23 | 1.84 | 2.45 | 3.68 | 3.12 | 4.68 | 6.24 | 9.36 |
| imo TD4L RR12 | 0.8 | 35.13 | 38.37 | 1.00 | 1.49 | 1.99 | 2.99 | 1.41 | 2.11 | 2.82 | 4.23 | 1.59 | 2.39 | 3.19 | 4.78 |
| imo TD4L RR12 | 1.0 | 28.35 | 30.94 | 0.99 | 1.48 | 1.98 | 2.96 | 1.40 | 2.10 | 2.79 | 4.19 | 1.98 | 2.96 | 3.95 | 5.93 |
| imo TD4L RR12 | 1.8 | 16.29 | 17.73 | 0.95 | 1.43 | 1.91 | 2.86 | 1.35 | 2.03 | 2.70 | 4.05 | 3.44 | 5.16 | 6.87 | 10.31 |
| imo TD5L RR3 | 0.8 | 42.45 | 45.98 | 0.82 | 1.24 | 1.65 | 2.47 | 1.17 | 1.75 | 2.33 | 3.50 | 1.32 | 1.98 | 2.64 | 3.96 |
| imo TD5L RR3 | 1.0 | 34.91 | 37.73 | 0.80 | 1.20 | 1.60 | 2.41 | 1.13 | 1.70 | 2.27 | 3.40 | 1.60 | 2.41 | 3.21 | 4.81 |
| imo TD5L RR3 | 1.8 | 21.42 | 23.00 | 0.73 | 1.09 | 1.45 | 2.18 | 1.03 | 1.54 | 2.05 | 3.08 | 2.61 | 3.92 | 5.23 | 7.84 |
| imo TD5L RR5 | 0.8 | 40.54 | 44.06 | 0.86 | 1.30 | 1.73 | 2.59 | 1.22 | 1.83 | 2.44 | 3.66 | 1.38 | 2.07 | 2.76 | 4.14 |
| imo TD5L RR5 | 1.0 | 33.01 | 35.83 | 0.85 | 1.27 | 1.70 | 2.54 | 1.20 | 1.80 | 2.40 | 3.60 | 1.70 | 2.54 | 3.39 | 5.09 |
| imo TD5L RR5 | 1.8 | 19.60 | 21.17 | 0.79 | 1.19 | 1.59 | 2.38 | 1.12 | 1.68 | 2.24 | 3.37 | 2.86 | 4.29 | 5.71 | 8.57 |
| imo TD5L RR12 | 0.8 | 38.82 | 42.34 | 0.90 | 1.35 | 1.80 | 2.70 | 1.27 | 1.91 | 2.55 | 3.82 | 1.44 | 2.16 | 2.88 | 4.33 |
| imo TD5L RR12 | 1.0 | 31.30 | 34.12 | 0.89 | 1.34 | 1.79 | 2.68 | 1.26 | 1.90 | 2.53 | 3.79 | 1.79 | 2.68 | 3.58 | 5.37 |
| imo TD5L RR12 | 1.8 | 17.93 | 19.50 | 0.87 | 1.30 | 1.73 | 2.60 | 1.23 | 1.84 | 2.45 | 3.68 | 3.12 | 4.68 | 6.24 | 9.37 |

### W/T_lat14
| profile | v_max | T_lat12 [s] | T_lat14 [s] | HO56 | HO84 | HO112 | HO168 | CR56 | CR84 | CR112 | CR168 | OT56 | OT84 | OT112 | OT168 |
|---|---|---|---|---|---|---|---|---|---|---|---|---|---|---|---|
| agile | 0.8 | 17.16 | 19.97 | 1.75 | 2.63 | 3.51 | 5.26 | 2.48 | 3.72 | 4.96 | 7.44 | 2.80 | 4.21 | 5.61 | 8.41 |
| agile | 1.0 | 14.07 | 16.32 | 1.72 | 2.57 | 3.43 | 5.15 | 2.43 | 3.64 | 4.85 | 7.28 | 3.43 | 5.15 | 6.86 | 10.30 |
| agile | 1.8 | 8.58 | 9.83 | 1.58 | 2.37 | 3.16 | 4.75 | 2.24 | 3.36 | 4.48 | 6.71 | 5.70 | 8.55 | 11.39 | 17.09 |
| imo TD3L RR3 | 0.8 | 34.60 | 37.57 | 0.93 | 1.40 | 1.86 | 2.79 | 1.32 | 1.98 | 2.63 | 3.95 | 1.49 | 2.24 | 2.98 | 4.47 |
| imo TD3L RR3 | 1.0 | 28.60 | 30.98 | 0.90 | 1.36 | 1.81 | 2.71 | 1.28 | 1.92 | 2.56 | 3.83 | 1.81 | 2.71 | 3.62 | 5.42 |
| imo TD3L RR3 | 1.8 | 17.84 | 19.18 | 0.81 | 1.22 | 1.62 | 2.43 | 1.15 | 1.72 | 2.29 | 3.44 | 2.92 | 4.38 | 5.84 | 8.76 |
| imo TD3L RR5 | 0.8 | 32.71 | 35.68 | 0.98 | 1.47 | 1.96 | 2.94 | 1.39 | 2.08 | 2.77 | 4.16 | 1.57 | 2.35 | 3.14 | 4.71 |
| imo TD3L RR5 | 1.0 | 26.74 | 29.11 | 0.96 | 1.44 | 1.92 | 2.89 | 1.36 | 2.04 | 2.72 | 4.08 | 1.92 | 2.89 | 3.85 | 5.77 |
| imo TD3L RR5 | 1.8 | 16.09 | 17.41 | 0.89 | 1.34 | 1.79 | 2.68 | 1.26 | 1.89 | 2.53 | 3.79 | 3.22 | 4.82 | 6.43 | 9.65 |
| imo TD3L RR12 | 0.8 | 31.02 | 33.98 | 1.03 | 1.55 | 2.06 | 3.09 | 1.46 | 2.19 | 2.91 | 4.37 | 1.65 | 2.47 | 3.30 | 4.94 |
| imo TD3L RR12 | 1.0 | 25.06 | 27.43 | 1.02 | 1.53 | 2.04 | 3.06 | 1.44 | 2.17 | 2.89 | 4.33 | 2.04 | 3.06 | 4.08 | 6.13 |
| imo TD3L RR12 | 1.8 | 14.46 | 15.78 | 0.99 | 1.48 | 1.97 | 2.96 | 1.39 | 2.09 | 2.79 | 4.18 | 3.55 | 5.32 | 7.10 | 10.65 |
| imo TD4L RR3 | 0.8 | 38.75 | 42.00 | 0.83 | 1.25 | 1.67 | 2.50 | 1.18 | 1.77 | 2.36 | 3.54 | 1.33 | 2.00 | 2.67 | 4.00 |
| imo TD4L RR3 | 1.0 | 31.93 | 34.54 | 0.81 | 1.22 | 1.62 | 2.43 | 1.15 | 1.72 | 2.29 | 3.44 | 1.62 | 2.43 | 3.24 | 4.86 |
| imo TD4L RR3 | 1.8 | 19.74 | 21.20 | 0.73 | 1.10 | 1.47 | 2.20 | 1.04 | 1.56 | 2.08 | 3.11 | 2.64 | 3.96 | 5.28 | 7.93 |
| imo TD4L RR5 | 0.8 | 36.84 | 40.08 | 0.87 | 1.31 | 1.75 | 2.62 | 1.23 | 1.85 | 2.47 | 3.70 | 1.40 | 2.10 | 2.79 | 4.19 |
| imo TD4L RR5 | 1.0 | 30.05 | 32.64 | 0.86 | 1.29 | 1.72 | 2.57 | 1.21 | 1.82 | 2.43 | 3.64 | 1.72 | 2.57 | 3.43 | 5.15 |
| imo TD4L RR5 | 1.8 | 17.95 | 19.39 | 0.80 | 1.20 | 1.60 | 2.41 | 1.13 | 1.70 | 2.27 | 3.40 | 2.89 | 4.33 | 5.78 | 8.66 |
| imo TD4L RR12 | 0.8 | 35.13 | 38.37 | 0.91 | 1.37 | 1.82 | 2.74 | 1.29 | 1.93 | 2.58 | 3.87 | 1.46 | 2.19 | 2.92 | 4.38 |
| imo TD4L RR12 | 1.0 | 28.35 | 30.94 | 0.90 | 1.36 | 1.81 | 2.71 | 1.28 | 1.92 | 2.56 | 3.84 | 1.81 | 2.71 | 3.62 | 5.43 |
| imo TD4L RR12 | 1.8 | 16.29 | 17.73 | 0.88 | 1.32 | 1.75 | 2.63 | 1.24 | 1.86 | 2.48 | 3.72 | 3.16 | 4.74 | 6.32 | 9.47 |
| imo TD5L RR3 | 0.8 | 42.45 | 45.98 | 0.76 | 1.14 | 1.52 | 2.28 | 1.08 | 1.61 | 2.15 | 3.23 | 1.22 | 1.83 | 2.44 | 3.65 |
| imo TD5L RR3 | 1.0 | 34.91 | 37.73 | 0.74 | 1.11 | 1.48 | 2.23 | 1.05 | 1.57 | 2.10 | 3.15 | 1.48 | 2.23 | 2.97 | 4.45 |
| imo TD5L RR3 | 1.8 | 21.42 | 23.00 | 0.68 | 1.01 | 1.35 | 2.03 | 0.96 | 1.43 | 1.91 | 2.87 | 2.43 | 3.65 | 4.87 | 7.30 |
| imo TD5L RR5 | 0.8 | 40.54 | 44.06 | 0.79 | 1.19 | 1.59 | 2.38 | 1.12 | 1.69 | 2.25 | 3.37 | 1.27 | 1.91 | 2.54 | 3.81 |
| imo TD5L RR5 | 1.0 | 33.01 | 35.83 | 0.78 | 1.17 | 1.56 | 2.34 | 1.11 | 1.66 | 2.21 | 3.32 | 1.56 | 2.34 | 3.13 | 4.69 |
| imo TD5L RR5 | 1.8 | 19.60 | 21.17 | 0.73 | 1.10 | 1.47 | 2.20 | 1.04 | 1.56 | 2.08 | 3.12 | 2.65 | 3.97 | 5.29 | 7.94 |
| imo TD5L RR12 | 0.8 | 38.82 | 42.34 | 0.83 | 1.24 | 1.65 | 2.48 | 1.17 | 1.75 | 2.34 | 3.51 | 1.32 | 1.98 | 2.65 | 3.97 |
| imo TD5L RR12 | 1.0 | 31.30 | 34.12 | 0.82 | 1.23 | 1.64 | 2.46 | 1.16 | 1.74 | 2.32 | 3.48 | 1.64 | 2.46 | 3.28 | 4.92 |
| imo TD5L RR12 | 1.8 | 17.93 | 19.50 | 0.80 | 1.20 | 1.60 | 2.39 | 1.13 | 1.69 | 2.26 | 3.38 | 2.87 | 4.31 | 5.74 | 8.62 |

### 참고: 전타 *유지* 시 T_lat12 / T_lat14 (도달 못 하면 —)
| profile | v_max | T_lat12 hard | T_lat14 hard |
|---|---|---|---|
| agile | 0.8 | — | — |
| agile | 1.0 | — | — |
| agile | 1.8 | — | — |
| imo TD3L RR3 | 0.8 | 34.60 | 37.57 |
| imo TD3L RR3 | 1.0 | 28.60 | 30.98 |
| imo TD3L RR3 | 1.8 | 17.84 | 19.18 |
| imo TD3L RR5 | 0.8 | 32.71 | 35.68 |
| imo TD3L RR5 | 1.0 | 26.74 | 29.11 |
| imo TD3L RR5 | 1.8 | 16.09 | 17.41 |
| imo TD3L RR12 | 0.8 | 31.02 | 33.98 |
| imo TD3L RR12 | 1.0 | 25.06 | 27.43 |
| imo TD3L RR12 | 1.8 | 14.46 | 15.78 |
| imo TD4L RR3 | 0.8 | 38.75 | 42.00 |
| imo TD4L RR3 | 1.0 | 31.93 | 34.54 |
| imo TD4L RR3 | 1.8 | 19.74 | 21.20 |
| imo TD4L RR5 | 0.8 | 36.84 | 40.08 |
| imo TD4L RR5 | 1.0 | 30.05 | 32.64 |
| imo TD4L RR5 | 1.8 | 17.95 | 19.39 |
| imo TD4L RR12 | 0.8 | 35.13 | 38.37 |
| imo TD4L RR12 | 1.0 | 28.35 | 30.94 |
| imo TD4L RR12 | 1.8 | 16.29 | 17.73 |
| imo TD5L RR3 | 0.8 | 42.45 | 45.98 |
| imo TD5L RR3 | 1.0 | 34.91 | 37.73 |
| imo TD5L RR3 | 1.8 | 21.42 | 23.00 |
| imo TD5L RR5 | 0.8 | 40.54 | 44.06 |
| imo TD5L RR5 | 1.0 | 33.01 | 35.83 |
| imo TD5L RR5 | 1.8 | 19.60 | 21.17 |
| imo TD5L RR12 | 0.8 | 38.82 | 42.34 |
| imo TD5L RR12 | 1.0 | 31.30 | 34.12 |
| imo TD5L RR12 | 1.8 | 17.93 | 19.50 |

## (g) agile 추정 검증 (v_max=1.0)
- 해석 R = v/ω = 1.0/(45°/s) = 1.2732 m → D = 2.5465 m = 0.1795 L
- 시뮬 정상 R = 1.2732 m, D = 2.5465 m = 0.1795 L, 실측 폭 2.5465 m
- 시뮬 tactical diameter(180°) = 2.7438 m = 0.1935 L (타 램프 과도 포함)
- 해석 t30: heading = 1.5·∫12t dt = 9t² → t = √(30/9) = 1.826 s ; 시뮬 t30 = 1.806 s

## (h) TF 를 v=1.0 에서 한 번만 정하면 (상수 TF) 다른 max_speed 의 정상 선회직경
| TD 목표 | TF(v=1.0) | D@0.8 [L] | D@1.0 [L] | D@1.8 [L] | IMO TD≤5L @1.8 |
|---|---|---|---|---|---|
| 3L | 0.0898 | 2.40 | 3.00 | 5.40 | FAIL |
| 4L | 0.0673 | 3.20 | 4.00 | 7.20 | FAIL |
| 5L | 0.0539 | 4.00 | 5.00 | 9.00 | FAIL |
